// Jest Snapshot v1, https://goo.gl/fbAQLP

exports[`App should match the snapshot 1`] = `
<article
  className="color-card"
  style={
    Object {
      "backgroundColor": undefined,
    }
  }
>
  <h1
    className="hex-display"
  />
  <button
    className="save-btn"
    onClick={[Function]}
  >
    Save
  </button>
</article>
`;
